16:50:37 started a new SolidWorks instance
16:50:37 SolidWorks revision: 34.2.1
16:50:37 --- C4_component_override_1 ---
16:50:38   native export: 11626 bytes
16:50:38   resolving appearance ladder:
16:50:38     appearance (0.910,0.443,0.031) scope=component paths=[C4_part_1-1]
16:50:38     appearance (1.000,1.000,0.000) scope=component paths=[C4_part_1-2]
16:50:38     C4_part_1-1              component  (0.910,0.443,0.031) overridesPart=True
16:50:38     C4_part_1-2              component  (1.000,1.000,0.000) overridesPart=True
16:50:38   2 occurrences, 2 need occurrence styling
16:50:38   found 2 occurrence(s) in the STEP file:
16:50:38     NAUO #145 translation=0.00,0.00,0.00 target=#118 base=#27
16:50:38     NAUO #146 translation=129.86,-29.08,-68.52 target=#118 base=#27
16:50:38   matched C4_part_1-1 -> NAUO #145 (0.0000 mm)
16:50:38   matched C4_part_1-2 -> NAUO #146 (0.0000 mm)
16:50:38     C4_part_1-1: 1 occurrence(s) keep the shared geometry, recoloured 2 styled item(s) to (0.910,0.443,0.031)
16:50:38     C4_part_1-2: 1 occurrence(s) share one copy (60 entities), solid #152 = (1.000,1.000,0.000)
16:50:38     C4_part_1 (#56): material 'Plain Carbon Steel' density 7800.0 kg/m^3
16:50:38     C4_part_1 (#206): material 'Plain Carbon Steel.001' density 7800.0 kg/m^3
16:50:38   engineering material written for 2 part(s)
16:50:38     wrote C:\PeakDesign\NEXT-STEP-SW\evidence\S6\C4_component_override_1__peak_deinst.step
16:50:38   2 occurrence colour(s) applied -> C4_component_override_1__peak_deinst.step
16:50:38 --- C4_component_override_2 ---
16:50:39   native export: 11620 bytes
16:50:39   resolving appearance ladder:
16:50:39     appearance (0.000,1.000,0.000) scope=assembly paths=[]
16:50:39     appearance (0.910,0.443,0.031) scope=component paths=[C4_part_1-1]
16:50:39     appearance (1.000,1.000,0.000) scope=component paths=[C4_part_1-2]
16:50:39     C4_part_1-1              assembly   (0.000,1.000,0.000) overridesPart=True
16:50:39     C4_part_1-2              assembly   (0.000,1.000,0.000) overridesPart=True
16:50:39   2 occurrences, 2 need occurrence styling
16:50:39   found 2 occurrence(s) in the STEP file:
16:50:39     NAUO #145 translation=0.00,0.00,0.00 target=#17 base=#34
16:50:39     NAUO #146 translation=129.86,-29.08,-68.52 target=#17 base=#34
16:50:39   matched C4_part_1-1 -> NAUO #145 (0.0000 mm)
16:50:39   matched C4_part_1-2 -> NAUO #146 (0.0000 mm)
16:50:39     C4_part_1-1, C4_part_1-2: 2 occurrence(s) keep the shared geometry, recoloured 2 styled item(s) to (0.000,1.000,0.000)
16:50:39     C4_part_1 (#144): material 'Plain Carbon Steel' density 7800.0 kg/m^3
16:50:39   engineering material written for 1 part(s)
16:50:39     wrote C:\PeakDesign\NEXT-STEP-SW\evidence\S6\C4_component_override_2__peak_deinst.step
16:50:39   2 occurrence colour(s) applied -> C4_component_override_2__peak_deinst.step
16:50:39 closed the SolidWorks instance we started
